20:54:27.027 INFO [1] org.openqa.grid.selenium.GridLauncher - Launching a standalone Selenium Server
20:54:27.073 INFO [1] org.openqa.selenium.server.SeleniumServer - Writing debug logs to /home/travis/build/Drupal4Gov/Drupal-GovCon-2017/reports/selenium2.log
20:54:27.073 INFO [1] org.openqa.selenium.server.SeleniumServer - Java: Oracle Corporation 25.101-b13
20:54:27.073 INFO [1] org.openqa.selenium.server.SeleniumServer - OS: Linux 3.19.0-66-generic amd64
20:54:27.100 INFO [1] org.openqa.selenium.server.SeleniumServer - v2.53.1, with Core v2.53.1. Built from revision a36b8b1
20:54:27.186 INFO [1] org.openqa.selenium.remote.server.DefaultDriverSessions - Driver provider org.openqa.selenium.ie.InternetExplorerDriver registration is skipped:
registration capabilities Capabilities [{ensureCleanSession=true, browserName=internet explorer, version=, platform=WINDOWS}] does not match the current platform LINUX
20:54:27.187 INFO [1] org.openqa.selenium.remote.server.DefaultDriverSessions - Driver provider org.openqa.selenium.edge.EdgeDriver registration is skipped:
registration capabilities Capabilities [{browserName=MicrosoftEdge, version=, platform=WINDOWS}] does not match the current platform LINUX
20:54:27.187 INFO [1] org.openqa.selenium.remote.server.DefaultDriverProvider - Driver class not found: com.opera.core.systems.OperaDriver
20:54:27.187 INFO [1] org.openqa.selenium.remote.server.DefaultDriverFactory - Driver provider com.opera.core.systems.OperaDriver is not registered
20:54:27.188 INFO [1] org.openqa.selenium.remote.server.DefaultDriverSessions - Driver provider org.openqa.selenium.safari.SafariDriver registration is skipped:
registration capabilities Capabilities [{browserName=safari, version=, platform=MAC}] does not match the current platform LINUX
20:54:27.189 INFO [1] org.openqa.selenium.remote.server.DefaultDriverProvider - Driver class not found: org.openqa.selenium.htmlunit.HtmlUnitDriver
20:54:27.189 INFO [1] org.openqa.selenium.remote.server.DefaultDriverFactory - Driver provider org.openqa.selenium.htmlunit.HtmlUnitDriver is not registered
20:54:27.295 INFO [1] org.openqa.selenium.server.SeleniumServer - RemoteWebDriver instances should connect to: http://127.0.0.1:4444/wd/hub
20:54:27.295 INFO [1] org.openqa.grid.selenium.GridLauncher - Selenium Server is up and running
20:54:28.282 INFO [14] org.openqa.selenium.remote.server.DriverServlet - Executing: [new session: Capabilities [{build=17, browser=firefox, tunnel-identifier=17.1, name=Behat feature suite, browserName=chrome, ignoreZoomSetting=false, tags=[Travis-CI, PHP 5.6.24]}]])
20:54:28.306 INFO [20] org.openqa.selenium.remote.server.DefaultDriverProvider - Creating a new session for Capabilities [{build=17, browser=firefox, tunnel-identifier=17.1, name=Behat feature suite, browserName=chrome, ignoreZoomSetting=false, tags=[Travis-CI, PHP 5.6.24]}]
20:54:30.473 INFO [14] org.openqa.selenium.remote.server.DriverServlet - Done: [new session: Capabilities [{build=17, browser=firefox, tunnel-identifier=17.1, name=Behat feature suite, browserName=chrome, ignoreZoomSetting=false, tags=[Travis-CI, PHP 5.6.24]}]]
20:54:30.479 INFO [13] org.openqa.selenium.remote.server.DriverServlet - Executing: [get: http://127.0.0.1:8888/])
20:54:30.778 INFO [13] org.openqa.selenium.remote.server.DriverServlet - Done: [get: http://127.0.0.1:8888/]
20:54:30.793 INFO [13] org.openqa.selenium.remote.server.DriverServlet - Executing: [find element: By.xpath: //html])
20:54:30.839 INFO [13] org.openqa.selenium.remote.server.DriverServlet - Done: [find element: By.xpath: //html]
20:54:30.844 INFO [13] org.openqa.selenium.remote.server.DriverServlet - Executing: [get text: 0 [[ChromeDriver: chrome on LINUX (730a6fba2f9c854e52b2dfb09a92bf98)] -> xpath: //html]])
20:54:30.900 INFO [13] org.openqa.selenium.remote.server.DriverServlet - Done: [get text: 0 [[ChromeDriver: chrome on LINUX (730a6fba2f9c854e52b2dfb09a92bf98)] -> xpath: //html]]
20:54:30.910 INFO [13] org.openqa.selenium.remote.server.DriverServlet - Executing: [delete all cookies])
20:54:30.918 INFO [13] org.openqa.selenium.remote.server.DriverServlet - Done: [delete all cookies]
20:54:30.957 INFO [13] org.openqa.selenium.remote.server.DriverServlet - Executing: [delete session: a0dc6e80-39fe-4d29-8fe8-bd6784947d9f])
20:54:31.029 INFO [13] org.openqa.selenium.remote.server.DriverServlet - Done: [delete session: a0dc6e80-39fe-4d29-8fe8-bd6784947d9f]
20:54:31.119 INFO [15] org.openqa.selenium.server.SeleniumServer - Shutting down...
