0 info it worked if it ends with ok
1 verbose cli [ 'node', '/usr/local/bin/npm', 'run', 'build' ]
2 info using npm@3.7.3
3 info using node@v0.12.7
4 verbose run-script [ 'prebuild', 'build', 'postbuild' ]
5 info lifecycle govcon_2016@1.0.0~prebuild: govcon_2016@1.0.0
6 silly lifecycle govcon_2016@1.0.0~prebuild: no script for prebuild, continuing
7 info lifecycle govcon_2016@1.0.0~build: govcon_2016@1.0.0
8 verbose lifecycle govcon_2016@1.0.0~build: unsafe-perm in lifecycle true
9 verbose lifecycle govcon_2016@1.0.0~build: PATH: /usr/local/lib/node_modules/npm/bin/node-gyp-bin:/Users/adam.weingarten/govcon_real/docroot/sites/all/themes/custom/govcon_2016/node_modules/.bin:/usr/local/bin:/Users/adam.weingarten/.composer/bin:/usr/local/sbin:/usr/local/bin:/usr/local/opt/php55/bin:/usr/local/bin:/usr/bin:/bin:/usr/sbin:/sbin:/Applications/DevDesktop/drush
10 verbose lifecycle govcon_2016@1.0.0~build: CWD: /Users/adam.weingarten/govcon_real/docroot/sites/all/themes/custom/govcon_2016
11 silly lifecycle govcon_2016@1.0.0~build: Args: [ '-c', 'grunt build' ]
12 silly lifecycle govcon_2016@1.0.0~build: Returned: code: 3  signal: null
13 info lifecycle govcon_2016@1.0.0~build: Failed to exec build script
14 verbose stack Error: govcon_2016@1.0.0 build: `grunt build`
14 verbose stack Exit status 3
14 verbose stack     at EventEmitter.<anonymous> (/usr/local/lib/node_modules/npm/lib/utils/lifecycle.js:239:16)
14 verbose stack     at EventEmitter.emit (events.js:110:17)
14 verbose stack     at ChildProcess.<anonymous> (/usr/local/lib/node_modules/npm/lib/utils/spawn.js:24:14)
14 verbose stack     at ChildProcess.emit (events.js:110:17)
14 verbose stack     at maybeClose (child_process.js:1015:16)
14 verbose stack     at Process.ChildProcess._handle.onexit (child_process.js:1087:5)
15 verbose pkgid govcon_2016@1.0.0
16 verbose cwd /Users/adam.weingarten/govcon_real/docroot/sites/all/themes/custom/govcon_2016
17 error Darwin 15.4.0
18 error argv "node" "/usr/local/bin/npm" "run" "build"
19 error node v0.12.7
20 error npm  v3.7.3
21 error code ELIFECYCLE
22 error govcon_2016@1.0.0 build: `grunt build`
22 error Exit status 3
23 error Failed at the govcon_2016@1.0.0 build script 'grunt build'.
23 error Make sure you have the latest version of node.js and npm installed.
23 error If you do, this is most likely a problem with the govcon_2016 package,
23 error not with npm itself.
23 error Tell the author that this fails on your system:
23 error     grunt build
23 error You can get information on how to open an issue for this project with:
23 error     npm bugs govcon_2016
23 error Or if that isn't available, you can get their info via:
23 error     npm owner ls govcon_2016
23 error There is likely additional logging output above.
24 verbose exit [ 1, true ]
